[www.alti-flore.com/index.html]
[backblue.gif]
[fade.gif]
[index.html]
[www.alti-flore.com/images/mobile-logoMA.png]
[ajax.googleapis.com/ajax/libs/jquery/1.6.1/jquery.min.js]
[www.alti-flore.com/javascripts/photoswipe.min.js]
[www.alti-flore.com/javascripts/customv3.js]
[www.alti-flore.com/javascripts/dynMenuv2492a.js]
[www.alti-flore.com/javascripts/swiper.min.js]
[www.alti-flore.com/images/logo/logo-142829.jpg]
[www.alti-flore.com/contacter-alti-flore.142829.html]
[www.alti-flore.com/envoyer-courriel-alti-flore.142829.html]
[www.alti-flore.com/article-historique-et-valeurs.142829.6955.html]
[www.alti-flore.com/article-savoir-faire-et-qualite.142829.6780.html]
[www.alti-flore.com/article-innovation-et-recherches.142829.6781.html]
[www.alti-flore.com/article-nos-engagements.142829.6782.html]
[www.alti-flore.com/article-nos-labels.142829.6783.html]
[www.alti-flore.com/article-historique.142829.6788.html]
[www.alti-flore.com/article-benefices-pour-la-sante.142829.6789.html]
[www.alti-flore.com/article-sa-culture.142829.6791.html]
[www.alti-flore.com/article-recettes.142829.6792.html]
[www.alti-flore.com/article-glaces-artisanales.142829.6959.html]
[www.alti-flore.com/article-contact.142829.6962.html]
[www.alti-flore.com/avis-des-clients-sur-alti-flore.142829.html]
[www.alti-flore.com/images/professionnel/142829/imgindex_03.png]
[www.alti-flore.com/images/professionnel/142829/imgindex_06.jpg]
[www.alti-flore.com/images/professionnel/142829/imgindex_11.jpg]
[www.alti-flore.com/info-legales-de-www-alti-flore-com.142829.html]
[www.alti-flore.com/partenaire-de-www-alti-flore-com.142829.html]
[www.alti-flore.com/plan-site-de-www-alti-flore-com.142829.html]
[www.alti-flore.com/index.html]
[www.google-analytics.com/analytics.js]
[plus.google.com/112893069581964458484.html]
[ssl.gstatic.com/images/branding/product/ico/google_plus_alldp.ico]
[apis.google.com/js/api.js]
[plus.google.com/_/PlusAppUi/manifest.json]
[ssl.gstatic.com/images/branding/product/1x/google_plus_192dp.png]
[ssl.gstatic.com/images/branding/google_plus/2x/gplus_icon_flush_76dp.png]
[ssl.gstatic.com/images/branding/google_plus/2x/gplus_icon_flush_60dp.png]
[ssl.gstatic.com/images/branding/google_plus/1x/gplus_icon_flush_76dp.png]
[plus.google.com/android-app_/com.google.android.apps.plus/https/plus.google.com/+AltiFloreChabottes.2c.delayed]
[plus.google.com/ios-app_/447119634/gplus/plus.google.com/+AltiFloreChabottes.2d.delayed]
[plus.google.com/+AltiFloreChabottes.html]
[lh3.googleusercontent.com/-5l_K_-L-nfM/U11U5bWVvsI/AAAAAAAAADU/edVmD8nV5iE-JpN5VnCvHwCl6kRvi-6rACJkCGAYYCw/w256-h86-n-no/DSCF0474.JPG]
[plus.google.com/112893069581964458484.html]
[www.alti-flore.com/contacter-alti-flore.142829.html]
[www.alti-flore.com/envoyer-courriel-alti-flore.142829.html]
[lh3.googleusercontent.com/-pCnSOtiSdKw/AAAAAAAAAAI/AAAAAAAAAA4/Hslwgw4Kymk/s60-p-no/photo.gif]
[www.alti-flore.com/images/professionnel/142829/jf.jpg]
[www.alti-flore.com/images/professionnel/142829/S0629.jpg]
[www.alti-flore.com/article-historique-et-valeurs.142829.6955.html]
[www.alti-flore.com/images/professionnel/142829/video1.jpg]
[www.alti-flore.com/images/professionnel/142829/atelier.jpg]
[www.alti-flore.com/images/professionnel/142829/vignette.jpg]
[www.alti-flore.com/article-savoir-faire-et-qualite.142829.6780.html]
[www.alti-flore.com/images/professionnel/142829/baie.jpg]
[www.alti-flore.com/images/professionnel/142829/machine.jpg]
[www.alti-flore.com/images/professionnel/142829/video2.jpg]
[www.alti-flore.com/article-innovation-et-recherches.142829.6781.html]
[www.alti-flore.com/images/professionnel/142829/bio4.jpg]
[www.alti-flore.com/images/professionnel/142829/plantation.jpg]
[www.alti-flore.com/article-nos-engagements.142829.6782.html]
[www.alti-flore.com/images/professionnel/142829/bio3.jpg]
[www.alti-flore.com/article-nos-labels.142829.6783.html]
[www.alti-flore.com/images/professionnel/142829/pegase.jpg]
[www.alti-flore.com/article-historique.142829.6788.html]
[www.alti-flore.com/images/professionnel/142829/jus.jpg]
[www.alti-flore.com/article-benefices-pour-la-sante.142829.6789.html]
[www.alti-flore.com/images/professionnel/142829/video3.jpg]
[www.alti-flore.com/article-sa-culture.142829.6791.html]
[www.alti-flore.com/images/professionnel/142829/magret-canard.jpg]
[www.alti-flore.com/images/professionnel/142829/Chutneydetomatesvertesalargousier.pdf]
[www.alti-flore.com/images/professionnel/142829/Confituredefraisesetargousier.pdf]
[www.alti-flore.com/images/professionnel/142829/Cremededattesetdargousier.pdf]
[www.alti-flore.com/images/professionnel/142829/Fromageblancavecdelaconfituredargousier.pdf]
[www.alti-flore.com/images/professionnel/142829/GeleedArgousier.pdf]
[www.alti-flore.com/images/professionnel/142829/Magretdecanardsaucealerableetargousier.pdf]
[www.alti-flore.com/images/professionnel/142829/Muffinsaumielargousieeetcannebergessechees.pdf]
[www.alti-flore.com/images/professionnel/142829/Poudingauxpommesetargousier.pdf]
[www.alti-flore.com/images/professionnel/142829/Rizaulaitalachicoreespeculoosetargousier.pdf]
[www.alti-flore.com/images/professionnel/142829/Saucepiquantealargousier.pdf]
[www.alti-flore.com/images/professionnel/142829/Sorbetalargousier.pdf]
[www.alti-flore.com/images/professionnel/142829/Vinaigrettealargousier.pdf]
[www.alti-flore.com/images/professionnel/142829/cocktail.jpg]
[www.alti-flore.com/images/professionnel/142829/CocktailBoosteraBlender.pdf]
[www.alti-flore.com/images/professionnel/142829/CocktailVodkaOrangeArgousieretGrenadine.pdf]
[www.alti-flore.com/images/professionnel/142829/CocktailPommeCarotteArgousiers.pdf]
[www.alti-flore.com/images/professionnel/142829/CocktailOrangePamplemousseArgousieretGrenadine.pdf]
[www.alti-flore.com/images/professionnel/142829/Cocktailtoniquealargousieretgrainesgermees.pdf]
[www.alti-flore.com/images/professionnel/142829/Laitdargousieralorange.pdf]
[www.alti-flore.com/images/professionnel/142829/Laitdargousier.pdf]
[www.alti-flore.com/images/professionnel/142829/SiropdArgousier.pdf]
[www.alti-flore.com/article-recettes.142829.6792.html]
[www.alti-flore.com/article-produits-glace.142829.7483.html]
[www.alti-flore.com/images/professionnel/142829/produits/boton-produit.jpg]
[www.alti-flore.com/images/professionnel/142829/coupe-glace.jpg]
[www.alti-flore.com/article-glaces-artisanales.142829.6959.html]
[www.alti-flore.com/images/professionnel/142829/carte.jpg]
[www.alti-flore.com/article-contact.142829.6962.html]
[www.alti-flore.com/images/ajouter_favoris.png]
[www.alti-flore.com/avis-des-clients-sur-alti-flore.142829.html]
[www.alti-flore.com/images/noteoff.png]
[www.alti-flore.com/info-legales-de-www-alti-flore-com.142829.html]
[snoopy.robothumb.com/thumbnails/320x240/h/hotel-muret.com.png]
[www.alti-flore.com/partenaire-de-www-alti-flore-com.142829.html]
[www.alti-flore.com/article-videos.142829.6952.html]
[www.alti-flore.com/article-produit-du-mois.142829.7204.html]
[www.alti-flore.com/article-produits-sante.142829.7484.html]
[www.alti-flore.com/realisation-glaces-et-produits-altiflore.67890.142829.html]
[www.alti-flore.com/realisation-glaces-et-produits-altiflore.67891.142829.html]
[www.alti-flore.com/realisation-glaces-et-produits-altiflore.67892.142829.html]
[www.alti-flore.com/realisation-glaces-et-produits-altiflore.67893.142829.html]
[www.alti-flore.com/realisation-glaces-et-produits-altiflore.67894.142829.html]
[www.alti-flore.com/realisation-glaces-et-produits-altiflore.67895.142829.html]
[www.alti-flore.com/realisation-glaces-et-produits-altiflore.67896.142829.html]
[www.alti-flore.com/realisation-glaces-et-produits-altiflore.67897.142829.html]
[www.alti-flore.com/realisation-glaces-et-produits-altiflore.67898.142829.html]
[www.alti-flore.com/plan-site-de-www-alti-flore-com.142829.html]
[www.alti-flore.com/docs/pageprostandardfe5b.html]
[lh3.googleusercontent.com/index.html]
[ssl.gstatic.com/index.html]
[www.gstatic.com/index.html]
[plus.url.google.com/index.html]
[cdn.ampproject.org/index.html]
[plus.google.com/index012f.html]
[plus.google.com/+AltiFloreChabottes.html]
[plus.google.com/android-app_/com.google.android.apps.plus/https/plus.google.com/+AltiFloreChabottes.html]
[plus.google.com/ios-app_/447119634/gplus/plus.google.com/+AltiFloreChabottes.html]
[www.alti-flore.com/images/professionnel/142829/b2.jpg]
[www.alti-flore.com/images/professionnel/142829/b3.jpg]
[www.alti-flore.com/article-produits-epicerie-boisson.142829.7489.html]
[www.alti-flore.com/images/professionnel/142829/b4.jpg]
[www.alti-flore.com/article-produits-glace.142829.7483.html]
[www.alti-flore.com/images/professionnel/142829/produits/produits-glace2.jpg]
[www.alti-flore.com/article-videos.142829.6952.html]
[www.alti-flore.com/images/professionnel/142829/sirop.jpg]
[www.alti-flore.com/images/professionnel/142829/logo-ab-1244733041.gif]
[www.alti-flore.com/article-produit-du-mois.142829.7204.html]
[www.alti-flore.com/article-produits-epicerie-boisson.142829.7489.71.delayed]
[www.alti-flore.com/article-produits-sante.142829.7484.html]
[www.alti-flore.com/images/professionnel/142829/produits/nectar.png]
[www.alti-flore.com/realisations-et-references-de-alti-flore.142829.html]
[www.alti-flore.com/realisation-glaces-et-produits-altiflore.67890.142829.html]
[www.alti-flore.com/images/photo/142829/realisation67890.jpg]
[www.alti-flore.com/images/photo/142829/realisation67891.jpg]
[www.alti-flore.com/realisation-glaces-et-produits-altiflore.67891.142829.html]
[www.alti-flore.com/images/photo/142829/realisation67892.jpg]
[www.alti-flore.com/realisation-glaces-et-produits-altiflore.67892.142829.html]
[www.alti-flore.com/images/photo/142829/realisation67893.jpg]
[www.alti-flore.com/realisation-glaces-et-produits-altiflore.67893.142829.html]
[www.alti-flore.com/images/photo/142829/realisation67894.jpg]
[www.alti-flore.com/realisation-glaces-et-produits-altiflore.67894.142829.html]
[www.alti-flore.com/images/photo/142829/realisation67895.jpg]
[www.alti-flore.com/realisation-glaces-et-produits-altiflore.67895.142829.html]
[www.alti-flore.com/images/photo/142829/realisation67896.jpg]
[www.alti-flore.com/realisation-glaces-et-produits-altiflore.67896.142829.html]
[www.alti-flore.com/images/photo/142829/realisation67897.jpg]
[www.alti-flore.com/realisation-glaces-et-produits-altiflore.67897.142829.html]
[www.alti-flore.com/images/photo/142829/realisation67898.jpg]
[www.alti-flore.com/realisation-glaces-et-produits-altiflore.67898.142829.html]
[www.alti-flore.com/images/banner-bg.jpg]
[www.alti-flore.com/docs/pageprostandardfe5b.html]
[www.alti-flore.com/realisations-et-references-de-alti-flore.142829.html]
[www.alti-flore.com/javascripts/photoswipe.min.js]
[www.alti-flore.com/css/photoswipe/default-skin/default-skin.png]
[www.alti-flore.com/css/photoswipe/default-skin/preloader.gif]
[www.alti-flore.com/css/photoswipe/default-skin/photoswipe.css]
[www.alti-flore.com/javascripts/dynMenuv2492a.js]
[www.alti-flore.com/images/mail-blanc.png]
[www.alti-flore.com/images/panier-blanc.png]
[www.alti-flore.com/javascripts/swiper.min.js]
[www.alti-flore.com/css/mobile20161126.css]
[www.alti-flore.com/images/2013-picto-ko.png]
[www.alti-flore.com/css/typo/century.css]
[www.alti-flore.com/images/professionnel/142829/imgindex_03.png]
[www.alti-flore.com/images/logo/logo-142829.jpg]
[www.alti-flore.com/images/professionnel/142829/image3.jpg]
[www.alti-flore.com/images/professionnel/142829/image1.png]
[www.alti-flore.com/images/professionnel/142829/image2.gif]
[www.alti-flore.com/images/professionnel/142829/image8.png]
[www.alti-flore.com/images/professionnel/142829/imgindex_06.jpg]
[www.alti-flore.com/images/professionnel/142829/image9.png]
[www.alti-flore.com/images/professionnel/142829/image10.png]
[www.alti-flore.com/images/professionnel/142829/image5.png]
[www.alti-flore.com/images/professionnel/142829/image4.png]
[www.alti-flore.com/images/professionnel/142829/imgindex_11.jpg]
[www.alti-flore.com/images/professionnel/Standard/standard59.png]
[www.alti-flore.com/images/professionnel/Standard/fleche-droite.png]
[www.alti-flore.com/images/professionnel/Standard/standard50.png]
[www.alti-flore.com/images/professionnel/Standard/commande.png]
[www.alti-flore.com/images/professionnel/Standard/identification.png]
[www.alti-flore.com/images/professionnel/Standard/livraison.png]
[www.alti-flore.com/images/professionnel/Standard/validation.png]
[www.alti-flore.com/images/professionnel/142829/e-commerce4.css]
[apis.google.com/js/api.js]
[ssl.gstatic.com/images/branding/product/1x/google_plus_192dp.png]
[www.alti-flore.com/images/professionnel/Standard/standard60.png]
[www.alti-flore.com/css/standard20161126.css]
[ssl.gstatic.com/images/branding/google_plus/2x/gplus_icon_flush_76dp.png]
[www.alti-flore.com/stylecouleur-142829.css]
[ssl.gstatic.com/images/branding/google_plus/2x/gplus_icon_flush_60dp.png]
[www.alti-flore.com/css/swiper.min.css]
[ssl.gstatic.com/images/branding/google_plus/1x/gplus_icon_flush_76dp.png]
[www.alti-flore.com/contacter-alti-flore.142829.html]
[www.alti-flore.com/info-legales-de-www-alti-flore-com.142829.html]
[cdn.ampproject.org/index.html]
[plus.google.com/index012f.html]
[www.alti-flore.com/images/professionnel/142829/produits/boton-produit.jpg]
[www.alti-flore.com/article-produits-glace.142829.7483.html]
[www.alti-flore.com/article-videos.142829.6952.html]
[www.alti-flore.com/realisations-et-references-de-alti-flore.142829.html]
[www.alti-flore.com/css/photoswipe/default-skin/preloader.gif]
[www.alti-flore.com/css/photoswipe/default-skin/default-skin.svg]
[www.alti-flore.com/images/mail-blanc.png]
[www.alti-flore.com/images/tel-noir.svg]
[www.alti-flore.com/images/professionnel/142829/image9.png]
[www.alti-flore.com/images/professionnel/142829/image8.html]
[www.alti-flore.com/images/professionnel/Standard/standard59.png]
[www.alti-flore.com/images/professionnel/142829/image5.html]
[www.alti-flore.com/images/professionnel/Standard/fleche-droite.png]
[www.alti-flore.com/images/professionnel/142829/image4.html]
[lh3.googleusercontent.com/-5l_K_-L-nfM/U11U5bWVvsI/AAAAAAAAADU/edVmD8nV5iE-JpN5VnCvHwCl6kRvi-6rACJkCGAYYCw/w256-h86-n-no/DSCF0474.JPG]
[plus.google.com/_/PlusAppUi/manifest.json]
[plus.google.com/+AltiFloreChabottes.html]
